This is XeTeX, Version 3.141592653-2.6-0.999995 (TeX Live 2023/Debian) (preloaded format=xelatex 2025.10.8)  9 OCT 2026 09:58
entering extended mode
 restricted \write18 enabled.
 file:line:error style messages enabled.
 %&-line parsing enabled.
**/home/piotr/Documents/Repos/GitHub/Concurency_lecture/Tutorial4/tutorial3
(/home/piotr/Documents/Repos/GitHub/Concurency_lecture/Tutorial4/tutorial3.tex
LaTeX2e <2023-11-01> patch level 1
L3 programming layer <2024-01-22>

! LaTeX Error: File `tutorial.cls' not found.

Type X to quit or <RETURN> to proceed,
or enter new name. (Default extension: cls)

Enter file name: 
/home/piotr/Documents/Repos/GitHub/Concurency_lecture/Tutorial4/tutorial3.tex:3: Emergency stop.
<read *> 
         
l.3 ^^M
       
*** (cannot \read from terminal in nonstop modes)

 
Here is how much of TeX's memory you used:
 21 strings out of 474878
 575 string characters out of 5762516
 1915627 words of memory out of 5000000
 22168 multiletter control sequences out of 15000+600000
 558069 words of font info for 36 fonts, out of 8000000 for 9000
 1348 hyphenation exceptions out of 8191
 19i,0n,29p,126b,17s stack positions out of 10000i,1000n,20000p,200000b,200000s
No pages of output.
